export const snapshot = {};

snapshot[`isStrictOf<T> > returns properly named predicate function 1`] = `
"isStrictOf(isObjectOf({
  a: isNumber,
  b: isString,
  c: isBoolean
}))"
`;

snapshot[`isStrictOf<T> > returns properly named predicate function 2`] = `"isStrictOf(isObjectOf({a: a}))"`;

snapshot[`isStrictOf<T> > returns properly named predicate function 3`] = `
"isStrictOf(isObjectOf({
  a: isStrictOf(isObjectOf({
    b: isStrictOf(isObjectOf({c: isBoolean}))
  }))
}))"
`;

snapshot[`isStrictOf<T> > with symbol properties > returns properly named predicate function 1`] = `
"isStrictOf(isObjectOf({
  a: isNumber,
  Symbol(b): isString,
  Symbol(c): isBoolean
}))"
`;

snapshot[`isStrictOf<T> > with symbol properties > returns properly named predicate function 2`] = `
"isStrictOf(isObjectOf({
  a: isStrictOf(isObjectOf({
    Symbol(b): isStrictOf(isObjectOf({Symbol(c): isBoolean}))
  }))
}))"
`;
